11 11 11 11 11 11 11 11 11 11 11 000 000 000 000 000 000 000 000 000 010 010 010 010 010 010 010 010 011 011 011 011 011 011 011 101 101 101 101 101 101 0010 0010 0010 0010 0010 0011 0011 0011 0011 1001 1001 1001 10000 10000 10001 